{
  "0": 3.791,
  "1": 18.68,
  "2": 16.471,
  "3": 18.076,
  "4": 7.252,
  "5": 2.862,
  "6": 2.617,
  "7": 1.079,
  "8": 0.55,
  "9": 0.37,
  "10": 0.5,
  "11": 0.394,
  "12": 0.355,
  "13": 0.236,
  "14": 0.048,
  "15": 0.0,
  "16": 0.0,
  "17": 0.0,
  "18": 0.0,
  "19": 0.0
}