{
  "0": 0.0,
  "1": 0.0,
  "2": 0.0,
  "3": 1.613,
  "4": 11.413,
  "5": 13.569,
  "6": 13.788,
  "7": 13.448,
  "8": 13.714,
  "9": 12.658,
  "10": 12.506,
  "11": 11.634,
  "12": 8.443,
  "13": 3.199,
  "14": 3.814,
  "15": 0.157,
  "16": 0.076,
  "17": 0.046,
  "18": 0.0,
  "19": 0.0
}