{
  "0": 2.846,
  "1": 2.903,
  "2": 2.848,
  "3": 2.292,
  "4": 2.152,
  "5": 2.165,
  "6": 2.381,
  "7": 2.522,
  "8": 2.337,
  "9": 2.241,
  "10": 2.063,
  "11": 1.851,
  "12": 1.765,
  "13": 1.337,
  "14": 1.376,
  "15": 1.216,
  "16": 0.912,
  "17": 0.888,
  "18": 0.702,
  "19": 0.864
}