{
  "0": 3.841,
  "1": 18.893,
  "2": 19.631,
  "3": 18.265,
  "4": 8.475,
  "5": 2.643,
  "6": 2.345,
  "7": 1.324,
  "8": 1.127,
  "9": 0.944,
  "10": 0.7,
  "11": 0.347,
  "12": 0.227,
  "13": 0.288,
  "14": 0.101,
  "15": 0.0,
  "16": 0.0,
  "17": 0.0,
  "18": 0.0,
  "19": 0.0
}