{
  "0": 0.0,
  "1": 0.0,
  "2": 0.0,
  "3": 1.307,
  "4": 9.047,
  "5": 14.049,
  "6": 13.467,
  "7": 13.326,
  "8": 12.896,
  "9": 13.032,
  "10": 13.064,
  "11": 12.705,
  "12": 9.883,
  "13": 4.197,
  "14": 4.725,
  "15": 0.094,
  "16": 0.178,
  "17": 0.074,
  "18": 0.0,
  "19": 0.0
}