{
  "0": 2.756,
  "1": 2.914,
  "2": 2.902,
  "3": 2.2,
  "4": 2.193,
  "5": 2.196,
  "6": 2.371,
  "7": 2.479,
  "8": 2.408,
  "9": 2.301,
  "10": 2.011,
  "11": 1.795,
  "12": 1.771,
  "13": 1.347,
  "14": 1.23,
  "15": 1.056,
  "16": 1.162,
  "17": 0.929,
  "18": 0.968,
  "19": 1.296
}