{
  "mean_age": 37.016449177541126,
  "std_age": 21.0762489309075,
  "layers": {
    "H": {
      "mean": 2.4460070930659166,
      "std": 1.3681688630651199,
      "5": 1.0,
      "95": 5.0
    },
    "S": {
      "mean": 475.22222222222223,
      "std": 295.21208112051613,
      "5": 158.6,
      "95": 959.9999999999998
    },
    "W": {
      "mean": 15.497076023391813,
      "std": 47.20932907471021,
      "5": 1.0,
      "95": 56.85000000000002
    }
  }
}