{
  "0": 1.466,
  "1": 18.984,
  "2": 19.989,
  "3": 18.172,
  "4": 7.128,
  "5": 2.452,
  "6": 2.68,
  "7": 1.118,
  "8": 0.484,
  "9": 0.483,
  "10": 0.456,
  "11": 0.563,
  "12": 0.3,
  "13": 0.159,
  "14": 0.036,
  "15": 0.0,
  "16": 0.0,
  "17": 0.0,
  "18": 0.0,
  "19": 0.0
}