{
  "0": 0.0,
  "1": 0.0,
  "2": 0.0,
  "3": 1.768,
  "4": 12.57,
  "5": 13.834,
  "6": 13.451,
  "7": 13.918,
  "8": 13.531,
  "9": 12.786,
  "10": 12.709,
  "11": 10.908,
  "12": 7.989,
  "13": 3.228,
  "14": 3.68,
  "15": 0.0,
  "16": 0.0,
  "17": 0.0,
  "18": 0.0,
  "19": 0.0
}