{
  "0": 2.755,
  "1": 2.915,
  "2": 2.902,
  "3": 2.2,
  "4": 2.193,
  "5": 2.196,
  "6": 2.371,
  "7": 2.478,
  "8": 2.408,
  "9": 2.301,
  "10": 2.011,
  "11": 1.795,
  "12": 1.771,
  "13": 1.346,
  "14": 1.234,
  "15": 1.185,
  "16": 1.046,
  "17": 0.755,
  "18": 0.877,
  "19": 0.952
}