{
  "0": 0.0,
  "1": 0.0,
  "2": 0.0,
  "3": 1.24,
  "4": 8.578,
  "5": 13.512,
  "6": 12.732,
  "7": 12.779,
  "8": 12.392,
  "9": 12.423,
  "10": 12.57,
  "11": 12.349,
  "12": 9.677,
  "13": 3.888,
  "14": 4.584,
  "15": 0.083,
  "16": 0.151,
  "17": 0.074,
  "18": 0.0,
  "19": 0.0
}