{
  "0": 3.901,
  "1": 19.15,
  "2": 19.594,
  "3": 18.092,
  "4": 8.624,
  "5": 2.975,
  "6": 2.564,
  "7": 1.723,
  "8": 1.58,
  "9": 1.226,
  "10": 1.178,
  "11": 0.609,
  "12": 0.475,
  "13": 0.456,
  "14": 0.189,
  "15": 0.0,
  "16": 0.0,
  "17": 0.0,
  "18": 0.0,
  "19": 0.0
}