{
  "0": 2.809,
  "1": 2.876,
  "2": 2.87,
  "3": 2.291,
  "4": 2.243,
  "5": 2.231,
  "6": 2.381,
  "7": 2.473,
  "8": 2.402,
  "9": 2.275,
  "10": 1.999,
  "11": 1.744,
  "12": 1.779,
  "13": 1.363,
  "14": 1.285,
  "15": 1.211,
  "16": 0.918,
  "17": 0.926,
  "18": 0.968,
  "19": 0.842
}