{
  "n": 20001,
  "max_contacts": null,
  "generate": true,
  "with_industry_code": false,
  "with_facilities": false,
  "use_two_group_reduction": false,
  "average_LTCF_degree": 20,
  "ltcf_staff_age_min": 20,
  "ltcf_staff_age_max": 60,
  "with_school_types": false,
  "school_mixing_type": "random",
  "average_class_size": 20,
  "inter_grade_mixing": 0.1,
  "average_student_teacher_ratio": 20,
  "average_teacher_teacher_degree": 3,
  "teacher_age_min": 25,
  "teacher_age_max": 75,
  "with_non_teaching_staff": false,
  "average_student_all_staff_ratio": 15,
  "average_additional_staff_degree": 20,
  "staff_age_min": 20,
  "staff_age_max": 75,
  "rand_seed": 1001
}